0000000: 00001100 00100000 10010000 10001000 01100100 01000010  . ..dB
0000006: 00101001 00011000 10001110 01001000 00100100 10010010  )..H$.
000000c: 10001001 01100100 11000010 01101001 00111000 10011110  .d.i8.
0000012: 01010000 00101000 10010100 10001010 01100101 01000010  P(..eB
0000018: 10101001 01011000 10101110 01011000 00101100 10010110  .X.X,.
000001e: 10000001 01010000 00000000                             .P.
Exited with code 0
