Exited with code 1
Exited with code 1
Exited with code 1
Exited with code 1
